<html>
<body>
<pre>
<h1>µVision Build Log</h1>
<h2>Project:</h2>
C:\Users\psp1__000\Desktop\319KProjects\Lab2-3.uvproj
Project File Date:  02/08/2017

<h2>Output:</h2>
Build target 'Lab2-3'
assembling main.s...
main.s(97): warning: A1581W: Added 1 bytes of padding at address 0x53
linking...
Program Size: Code=2140 RO-data=240 RW-data=48 ZI-data=1080  
".\Lab2-3.axf" - 0 Error(s), 1 Warning(s).
</pre>
</body>
</html>
m R0 to R7 in this instruction
main.s(128): error: A1875E: Register Rn must be from R0 to R7 in this instruction
main.s(139): error: A1875E: Register Rn must be from R0 to R7 in this instruction
main.s(144): error: A1875E: Register Rn must be from R0 to R7 in this instruction
main.s(156): error: A1875E: Register Rn must be from R0 to R7 in this instruction
".\Lab2-3.axf" - 7 Error(s), 0 Warning(s).
Target not created
