<html>
<body>
<pre>
<h1>µVision Build Log</h1>
<h2>Project:</h2>
C:\Users\psp1__000\Desktop\319KProjects\Lab2-3.uvproj
Project File Date:  02/11/2017

<h2>Output:</h2>
Build target 'Lab2-3'
assembling main.s...
linking...
Program Size: Code=2096 RO-data=240 RW-data=48 ZI-data=1080  
".\Lab2-3.axf" - 0 Error(s), 0 Warning(s).
</pre>
</body>
</html>
b2-3.axf" - 2 Error(s), 0 Warning(s).
Target not created
Warning(s).
a=48 ZI-data=1080  
Finished: 0 information, 1 warning and 0 error messages.
".\Lab2-3.axf" - 0 Error(s), 2 Warning(s).
